<_TtGC7SwiftUI14_UIHostingViewV13ladder_client10LDRTabView_; frame = (0 0; 375 667); autoresize = W+H; gestureRecognizers = <NSArray>; layer = <CALayer>>
   | <_TtGC7SwiftUI16PlatformViewHostGVS_42PlatformViewControllerRepresentableAdaptorVS_P13$7fff57aa44f412UIKitTabView__; frame = (0 0; 375 667); anchorPoint = (0, 0); tintColor = UIExtendedSRGBColorSpace 0.0392157 0.517647 1 1; layer = <CALayer>>
   |    | <UILayoutContainerView; frame = (0 0; 375 667); autoresize = W+H; layer = <CALayer>>
   |    |    | <UITransitionView; frame = (0 0; 375 667); clipsToBounds = YES; autoresize = W+H; layer = <CALayer>>
   |    |    |    | <UIViewControllerWrapperView; frame = (0 0; 375 667); layer = <CALayer>>
   |    |    |    |    | <_TtGC7SwiftUI14_UIHostingViewVS_14_ViewList_View_; frame = (0 0; 375 667); gestureRecognizers = <NSArray>; layer = <CALayer>>
   |    |    |    |    |    | <_TtGC7SwiftUI16PlatformViewHostGVS_42PlatformViewControllerRepresentableAdaptorGVS_33MulticolumnSplitViewRepresentableVVS_22_VariadicView_Children7ElementOs5NeverGVS_17_UnaryViewAdaptorVS_9EmptyView____; frame = (0 0; 375 667); anchorPoint = (0, 0); tintColor = UIExtendedSRGBColorSpace 0.0392157 0.517647 1 1; layer = <CALayer>>
   |    |    |    |    |    |    | <_UISplitViewControllerPanelImplView; frame = (0 0; 375 667); autoresize = W+H; gestureRecognizers = <NSArray>; layer = <CALayer>>
   |    |    |    |    |    |    |    | <_UIPanelControllerContentView; frame = (0 0; 375 667); autoresize = W+H; layer = <CALayer>>
   |    |    |    |    |    |    |    |    | <UILayoutContainerView; frame = (0 0; 375 667); clipsToBounds = YES; autoresize = W+H; gestureRecognizers = <NSArray>; layer = <CALayer>>
   |    |    |    |    |    |    |    |    |    | <UINavigationTransitionView; frame = (0 0; 375 667); clipsToBounds = YES; autoresize = W+H; layer = <CALayer>>
   |    |    |    |    |    |    |    |    |    |    | <UIViewControllerWrapperView; frame = (0 0; 375 667); layer = <CALayer>>
   |    |    |    |    |    |    |    |    |    |    |    | <_TtGC7SwiftUI14_UIHostingViewGVS_15ModifiedContentVVS_22_VariadicView_Children7ElementGVS_18StyleContextWriterVS_19SidebarStyleContext___; frame = (0 0; 375 667); gestureRecognizers = <NSArray>; layer = <CALayer>>
   |    |    |    |    |    |    |    |    |    |    |    |    | <_TtGC7SwiftUI16PlatformViewHostGVS_P13$7fff57ae013832PlatformViewRepresentableAdaptorGVS_P13$7fff57aa51d417ListRepresentableGVS_20SystemListDataSourceOs5Never_GOS_19SelectionManagerBoxS4_____; frame = (0 0; 375 667); anchorPoint = (0, 0); tintColor = UIExtendedSRGBColorSpace 0.0392157 0.517647 1 1; layer = <CALayer>>
   |    |    |    |    |    |    |    |    |    |    |    |    |    | <_TtC7SwiftUIP33_BFB370BA5F1BADDC9D83021565761A4925UpdateCoalescingTableView; baseClass = UITableView; frame = (0 0; 375 667); clipsToBounds = YES; gestureRecognizers = <NSArray>; layer = <CALayer>; contentOffset: {0, -116}; contentSize: {375, 0}; adjustedContentInset: {116, 0, 49, 0}; dataSource: <_TtGC7SwiftUIP13$7fff57aa482819ListCoreCoordinatorGVS_20SystemListDataSourceOs5Never_GOS_19SelectionManagerBoxS2___>>
   |    |    |    |    |    |    |    |    |    |    |    |    |    |    | <_UIScrollViewScrollIndicator; frame = (369 492; 3 7); alpha = 0; autoresize = LM; layer = <CALayer>>
   |    |    |    |    |    |    |    |    |    |    |    |    |    |    |    | <UIView; frame = (0 0; 3 7); layer = <CALayer>>
   |    |    |    |    |    |    |    |    |    |    |    |    |    |    | <_UIScrollViewScrollIndicator; frame = (3 496; 369 3); alpha = 0; autoresize = TM; layer = <CALayer>>
   |    |    |    |    |    |    |    |    |    |    |    |    |    |    |    | <UIView; frame = (0 0; 369 3); layer = <CALayer>>
   |    |    |    |    |    |    |    |    |    | <UINavigationBar; frame = (0 20; 375 96); opaque = NO; autoresize = W; layer = <CALayer>>
   |    |    |    |    |    |    |    |    |    |    | <_UIBarBackground; frame = (0 -20; 375 64); userInteractionEnabled = NO; layer = <CALayer>>
   |    |    |    |    |    |    |    |    |    |    |    | <UIVisualEffectView; frame = (0 0; 375 64); alpha = 0; layer = <CALayer>> effect=none
   |    |    |    |    |    |    |    |    |    |    |    |    | <_UIVisualEffectBackdropView; frame = (0 0; 375 64); autoresize = W+H; userInteractionEnabled = NO; layer = <UICABackdropLayer>>
   |    |    |    |    |    |    |    |    |    |    |    | <_UIBarBackgroundShadowView; frame = (0 64; 375 0.5); layer = <CALayer>> clientRequestedContentView effect=none
   |    |    |    |    |    |    |    |    |    |    |    |    | <_UIBarBackgroundShadowContentImageView; frame = (0 0; 375 0.5); alpha = 0; autoresize = W+H; userInteractionEnabled = NO; layer = <CALayer>>
   |    |    |    |    |    |    |    |    |    |    | <_UINavigationBarLargeTitleView; frame = (0 44; 375 52); clipsToBounds = YES; layer = <CALayer>>
   |    |    |    |    |    |    |    |    |    |    |    | <UILabel; frame = (16 4.5; 95 39.5); text = '0 Pins'; userInteractionEnabled = NO; layer = <_UILabelLayer>>
   |    |    |    |    |    |    |    |    |    |    | <_UINavigationBarContentView; frame = (0 0; 375 44); layer = <CALayer>> layout=
   |    |    |    |    |    |    |    |    |    |    |    | <_UIButtonBarStackView; frame = (16 0; 72 44); layer = <CALayer>> buttonBar=
   |    |    |    |    |    |    |    |    |    |    |    |    | <_UITAMICAdaptorView; frame = (0 12; 72 20.5); autoresizesSubviews = NO; layer = <CALayer>>
   |    |    |    |    |    |    |    |    |    |    |    |    |    | <_TtGC7SwiftUI14_UIHostingViewGVS_15ModifiedContentGS1_VS_7AnyViewGVS_30_EnvironmentKeyWritingModifierGSqGVS_7BindingOS_8EditMode____VS_16_FixedSizeLayout__; frame = (0 0; 72 20.5); gestureRecognizers = <NSArray>; layer = <CALayer>>
   |    |    |    |    |    |    |    |    |    |    |    |    |    |    | <UIView; frame = (1.5 1.5; 17.5 17.5); anchorPoint = (0, 0); autoresizesSubviews = NO; layer = <SwiftUI.ImageLayer>>
   |    |    |    |    |    |    |    |    |    |    |    |    |    |    | <_TtCOCV7SwiftUI11DisplayList11ViewUpdater8Platform13CGDrawingView; frame = (28.5 0; 43.5 20.5); anchorPoint = (0, 0); opaque = NO; autoresizesSubviews = NO; layer = <CALayer>>
   |    |    |    |    |    |    |    |    |    |    |    | <_UIButtonBarStackView; frame = (278.5 0; 80.5 44); layer = <CALayer>> buttonBar=
   |    |    |    |    |    |    |    |    |    |    |    |    | <_UITAMICAdaptorView; frame = (0 12; 80.5 20.5); autoresizesSubviews = NO; layer = <CALayer>>
   |    |    |    |    |    |    |    |    |    |    |    |    |    | <_TtGC7SwiftUI14_UIHostingViewGVS_15ModifiedContentGS1_VS_7AnyViewGVS_30_EnvironmentKeyWritingModifierGSqGVS_7BindingOS_8EditMode____VS_16_FixedSizeLayout__; frame = (0 0; 80.5 20.5); gestureRecognizers = <NSArray>; layer = <CALayer>>
   |    |    |    |    |    |    |    |    |    |    |    |    |    |    | <_TtCOCV7SwiftUI11DisplayList11ViewUpdater8Platform13CGDrawingView; frame = (0 0; 54.5 20.5); anchorPoint = (0, 0); opaque = NO; autoresizesSubviews = NO; layer = <CALayer>>
   |    |    |    |    |    |    |    |    |    |    |    |    |    |    | <UIView; frame = (64 1; 15 18.5); anchorPoint = (0, 0); autoresizesSubviews = NO; layer = <SwiftUI.ImageLayer>>
   |    |    |    |    |    |    |    |    |    |    |    | <UILabel; frame = (163 12; 49 20.5); text = '0 Pins'; alpha = 0; userInteractionEnabled = NO; layer = <_UILabelLayer>>
   |    |    |    |    |    |    |    |    |    |    | <UIView; frame = (0 0; 0 0); userInteractionEnabled = NO; layer = <CALayer>>
   |    |    | <UITabBar; frame = (0 618; 375 49); autoresize = W+TM; tintColor = UIExtendedSRGBColorSpace 0.0392157 0.517647 1 1; gestureRecognizers = <NSArray>; layer = <CALayer>>
   |    |    |    | <_UIBarBackground; frame = (0 0; 375 49); userInteractionEnabled = NO; layer = <CALayer>>
   |    |    |    |    | <UIVisualEffectView; frame = (0 0; 375 49); layer = <CALayer>> effect=none
   |    |    |    |    |    | <_UIVisualEffectBackdropView; frame = (0 0; 375 49); autoresize = W+H; userInteractionEnabled = NO; layer = <UICABackdropLayer>>
   |    |    |    |    | <_UIBarBackgroundShadowView; frame = (0 -0.5; 375 0.5); layer = <CALayer>> clientRequestedContentView effect=none
   |    |    |    |    |    | <_UIBarBackgroundShadowContentImageView; frame = (0 0; 375 0.5); autoresize = W+H; userInteractionEnabled = NO; layer = <CALayer>>
   |    |    |    | <UITabBarButton; frame = (2 1; 184 48); opaque = NO; layer = <CALayer>>
   |    |    |    |    | <UIVisualEffectView; frame = (0 0; 184 48); userInteractionEnabled = NO; layer = <CALayer>> clientRequestedContentView effect=<UIVibrancyEffect> style=UIBlurEffectStyleSystemChromeMaterialDark vibrancyStyle=UIVibrancyEffectStyleFill
   |    |    |    |    |    | <_UIVisualEffectContentView; frame = (0 0; 184 48); autoresize = W+H; tintColor = UIExtendedGrayColorSpace 1 1; layer = <CALayer>> disablesGroupFiltering
   |    |    |    |    |    |    | <UITabBarSwappableImageView; frame = (78 8; 28 20); opaque = NO; userInteractionEnabled = NO; layer = <CALayer>>
   |    |    |    |    |    |    | <UITabBarButtonLabel; frame = (65.5 34.5; 53 12); text = 'RSS Feeds'; opaque = NO; userInteractionEnabled = NO; layer = <_UILabelLayer>>
   |    |    |    | <UITabBarButton; frame = (190 1; 183 48); opaque = NO; layer = <CALayer>>
   |    |    |    |    | <UIVisualEffectView; frame = (0 0; 183 48); userInteractionEnabled = NO; layer = <CALayer>> clientRequestedContentView effect=<UIVibrancyEffect> style=UIBlurEffectStyleSystemChromeMaterialDark vibrancyStyle=UIVibrancyEffectStyleFill
   |    |    |    |    |    | <_UIVisualEffectContentView; frame = (0 0; 183 48); autoresize = W+H; tintColor = UIExtendedGrayColorSpace 1 1; layer = <CALayer>> disablesGroupFiltering
   |    |    |    |    | <UITabBarSwappableImageView; frame = (79.5 8; 23.5 27); opaque = NO; userInteractionEnabled = NO; layer = <CALayer>>
   |    |    |    |    | <UITabBarButtonLabel; frame = (52.5 34.5; 77.5 12); text = 'Read Later Pins'; opaque = NO; userInteractionEnabled = NO; layer = <_UILabelLayer>>