<_TtGC7SwiftUI14_UIHostingViewV13ladder_client10LDRFeedRow_; frame = (0 0; 375 667); autoresize = W+H; gestureRecognizers = <NSArray>; layer = <CALayer>>
   | <_TtCOCV7SwiftUI11DisplayList11ViewUpdater8Platform13CGDrawingView; frame = (16 334; 244.5 19.5); anchorPoint = (0, 0); opaque = NO; autoresizesSubviews = NO; layer = <CALayer>>
   | <_TtCOCV7SwiftUI11DisplayList11ViewUpdater8Platform13CGDrawingView; frame = (301.5 334; 26 19.5); anchorPoint = (0, 0); opaque = NO; autoresizesSubviews = NO; layer = <CALayer>>
   | <UIView; frame = (344.5 332; 13 23); anchorPoint = (0, 0); autoresizesSubviews = NO; layer = <SwiftUI.ImageLayer>>